// Jest Snapshot v1, https://goo.gl/fbAQLP

exports[`SDK API Surface should match the snapshot for main SDK exports 1`] = `
[
  "AttestationError: function(arity: 1)",
  "AttestationPolicyError: function(arity: 1)",
  "BackupError: function(arity: 1)",
  "BackupTamperError: function(arity: 0)",
  "FALLBACK_KEY_STORAGE: string",
  "MemoryBackupBackend: function(arity: 0)",
  "NoGuardianSet: function(arity: 0)",
  "RecoveryNotPending: function(arity: 0)",
  "RecoveryTimelockActive: function(arity: 1)",
  "Sep30Client: function(arity: 1)",
  "Sep30Error: function(arity: 2)",
  "TransactionOutbox: function(arity: 2)",
  "assertNoSecretMaterial: function(arity: 1)",
  "base64UrlEncode: function(arity: 1)",
  "bindNewSigner: function(arity: 2)",
  "browserPrfEvaluator: function(arity: 2)",
  "bufferToHex: function(arity: 1)",
  "buildClaimLink: function(arity: 1)",
  "buildEscrowClaimants: function(arity: 3)",
  "claimEscrow: function(arity: 1)",
  "clearBatchState: function(arity: 1)",
  "collectRecoverySignatures: function(arity: 3)",
  "computeWalletAddress: function(arity: 2)",
  "computeWebAuthnMessageHash: function(arity: 2)",
  "createBackup: function(arity: 3)",
  "createBatches: function(arity: 1)",
  "createEscrow: function(arity: 1)",
  "createLocalCipher: function(arity: 1)",
  "decryptBackup: function(arity: 2)",
  "decryptWithKey: function(arity: 2)",
  "derToRawSignature: function(arity: 1)",
  "deriveBackupId: function(arity: 1)",
  "deriveCounterfactualAddress: function(arity: 2)",
  "deriveKeyFromPrf: function(arity: 1)",
  "deserializeBackup: function(arity: 1)",
  "encodeU64: function(arity: 1)",
  "encryptBackup: function(arity: 2)",
  "encryptWithKey: function(arity: 2)",
  "executePayout: function(arity: 4)",
  "extractP256PublicKey: function(arity: 1)",
  "hexToUint8Array: function(arity: 1)",
  "initBatchState: function(arity: 1)",
  "isPrfSupported: function(arity: 0)",
  "loadBatchState: function(arity: 1)",
  "parseAuthData: function(arity: 1)",
  "parseCSV: function(arity: 1)",
  "parseClientDataJSON: function(arity: 1)",
  "reclaimEscrow: function(arity: 1)",
  "restoreBackup: function(arity: 3)",
  "saveBatchState: function(arity: 1)",
  "serializeBackup: function(arity: 1)",
  "sha256: function(arity: 1)",
  "signMessage: function(arity: 3)",
  "useInvisibleWallet: function(arity: 1)",
  "verifyAttestation: function(arity: 1)",
  "verifyMessage: function(arity: 3)",
]
`;

exports[`SDK API Surface should match the snapshot for vanilla SDK exports 1`] = `
[
  "InvisibleWallet: class(constructor arity: 1)",
  "createInvisibleWallet: class(constructor arity: 1)",
]
`;
